src/index.ts(91,41): error TS2769: No overload matches this call.
  Overload 1 of 2, '(object: never[], status?: ContentfulStatusCode | undefined, headers?: HeaderRecord | undefined): JSONRespondReturn<never[], ContentfulStatusCode>', gave the following error.
    Argument of type 'number' is not assignable to parameter of type 'ContentfulStatusCode | undefined'.
  Overload 2 of 2, '(object: never[], init?: ResponseOrInit<ContentfulStatusCode> | undefined): JSONRespondReturn<never[], ContentfulStatusCode>', gave the following error.
    Argument of type 'number' is not assignable to parameter of type 'ResponseOrInit<ContentfulStatusCode> | undefined'.
src/index.ts(109,41): error TS2769: No overload matches this call.
  Overload 1 of 2, '(object: never[], status?: ContentfulStatusCode | undefined, headers?: HeaderRecord | undefined): JSONRespondReturn<never[], ContentfulStatusCode>', gave the following error.
    Argument of type 'number' is not assignable to parameter of type 'ContentfulStatusCode | undefined'.
  Overload 2 of 2, '(object: never[], init?: ResponseOrInit<ContentfulStatusCode> | undefined): JSONRespondReturn<never[], ContentfulStatusCode>', gave the following error.
    Argument of type 'number' is not assignable to parameter of type 'ResponseOrInit<ContentfulStatusCode> | undefined'.
